// Jest Snapshot v1, https://goo.gl/fbAQLP

exports[`PaginationControl renders correctly with even max size 1`] = `
<div>
  <nav
    aria-label="pagination"
    className=""
  >
    <ul
      className="pagination"
    >
      <li
        className="page-item disabled"
      >
        <button
          aria-label={undefined}
          className="page-link"
          href=""
          onClick={[Function]}
        >
          First
        </button>
      </li>
      <li
        className="page-item disabled"
      >
        <button
          aria-label={undefined}
          className="page-link"
          href=""
          onClick={[Function]}
        >
          Previous
        </button>
      </li>
      <li
        className="page-item active"
      >
        <button
          aria-label={undefined}
          className="page-link"
          href=""
          onClick={[Function]}
        >
          1
        </button>
      </li>
      <li
        className="page-item"
      >
        <button
          aria-label={undefined}
          className="page-link"
          href=""
          onClick={[Function]}
        >
          2
        </button>
      </li>
      <li
        className="page-item"
      >
        <button
          aria-label={undefined}
          className="page-link"
          href=""
          onClick={[Function]}
        >
          3
        </button>
      </li>
      <li
        className="page-item"
      >
        <button
          aria-label={undefined}
          className="page-link"
          href=""
          onClick={[Function]}
        >
          4
        </button>
      </li>
      <li
        className="page-item"
      >
        <button
          aria-label={undefined}
          className="page-link"
          href=""
          onClick={[Function]}
        >
          Next
        </button>
      </li>
      <li
        className="page-item"
      >
        <button
          aria-label={undefined}
          className="page-link"
          href=""
          onClick={[Function]}
        >
          Last
        </button>
      </li>
    </ul>
  </nav>
  <nav
    aria-label="pagination"
    className=""
  >
    <ul
      className="pagination"
    >
      <li
        className="page-item"
      >
        <button
          aria-label={undefined}
          className="page-link"
          href=""
          onClick={[Function]}
        >
          First
        </button>
      </li>
      <li
        className="page-item"
      >
        <button
          aria-label={undefined}
          className="page-link"
          href=""
          onClick={[Function]}
        >
          Previous
        </button>
      </li>
      <li
        className="page-item"
      >
        <button
          aria-label={undefined}
          className="page-link"
          href=""
          onClick={[Function]}
        >
          1
        </button>
      </li>
      <li
        className="page-item active"
      >
        <button
          aria-label={undefined}
          className="page-link"
          href=""
          onClick={[Function]}
        >
          2
        </button>
      </li>
      <li
        className="page-item"
      >
        <button
          aria-label={undefined}
          className="page-link"
          href=""
          onClick={[Function]}
        >
          3
        </button>
      </li>
      <li
        className="page-item"
      >
        <button
          aria-label={undefined}
          className="page-link"
          href=""
          onClick={[Function]}
        >
          4
        </button>
      </li>
      <li
        className="page-item"
      >
        <button
          aria-label={undefined}
          className="page-link"
          href=""
          onClick={[Function]}
        >
          Next
        </button>
      </li>
      <li
        className="page-item"
      >
        <button
          aria-label={undefined}
          className="page-link"
          href=""
          onClick={[Function]}
        >
          Last
        </button>
      </li>
    </ul>
  </nav>
  <nav
    aria-label="pagination"
    className=""
  >
    <ul
      className="pagination"
    >
      <li
        className="page-item"
      >
        <button
          aria-label={undefined}
          className="page-link"
          href=""
          onClick={[Function]}
        >
          First
        </button>
      </li>
      <li
        className="page-item"
      >
        <button
          aria-label={undefined}
          className="page-link"
          href=""
          onClick={[Function]}
        >
          Previous
        </button>
      </li>
      <li
        className="page-item"
      >
        <button
          aria-label={undefined}
          className="page-link"
          href=""
          onClick={[Function]}
        >
          2
        </button>
      </li>
      <li
        className="page-item active"
      >
        <button
          aria-label={undefined}
          className="page-link"
          href=""
          onClick={[Function]}
        >
          3
        </button>
      </li>
      <li
        className="page-item"
      >
        <button
          aria-label={undefined}
          className="page-link"
          href=""
          onClick={[Function]}
        >
          4
        </button>
      </li>
      <li
        className="page-item"
      >
        <button
          aria-label={undefined}
          className="page-link"
          href=""
          onClick={[Function]}
        >
          5
        </button>
      </li>
      <li
        className="page-item"
      >
        <button
          aria-label={undefined}
          className="page-link"
          href=""
          onClick={[Function]}
        >
          Next
        </button>
      </li>
      <li
        className="page-item"
      >
        <button
          aria-label={undefined}
          className="page-link"
          href=""
          onClick={[Function]}
        >
          Last
        </button>
      </li>
    </ul>
  </nav>
  <nav
    aria-label="pagination"
    className=""
  >
    <ul
      className="pagination"
    >
      <li
        className="page-item"
      >
        <button
          aria-label={undefined}
          className="page-link"
          href=""
          onClick={[Function]}
        >
          First
        </button>
      </li>
      <li
        className="page-item"
      >
        <button
          aria-label={undefined}
          className="page-link"
          href=""
          onClick={[Function]}
        >
          Previous
        </button>
      </li>
      <li
        className="page-item"
      >
        <button
          aria-label={undefined}
          className="page-link"
          href=""
          onClick={[Function]}
        >
          3
        </button>
      </li>
      <li
        className="page-item active"
      >
        <button
          aria-label={undefined}
          className="page-link"
          href=""
          onClick={[Function]}
        >
          4
        </button>
      </li>
      <li
        className="page-item"
      >
        <button
          aria-label={undefined}
          className="page-link"
          href=""
          onClick={[Function]}
        >
          5
        </button>
      </li>
      <li
        className="page-item"
      >
        <button
          aria-label={undefined}
          className="page-link"
          href=""
          onClick={[Function]}
        >
          6
        </button>
      </li>
      <li
        className="page-item"
      >
        <button
          aria-label={undefined}
          className="page-link"
          href=""
          onClick={[Function]}
        >
          Next
        </button>
      </li>
      <li
        className="page-item"
      >
        <button
          aria-label={undefined}
          className="page-link"
          href=""
          onClick={[Function]}
        >
          Last
        </button>
      </li>
    </ul>
  </nav>
  <nav
    aria-label="pagination"
    className=""
  >
    <ul
      className="pagination"
    >
      <li
        className="page-item"
      >
        <button
          aria-label={undefined}
          className="page-link"
          href=""
          onClick={[Function]}
        >
          First
        </button>
      </li>
      <li
        className="page-item"
      >
        <button
          aria-label={undefined}
          className="page-link"
          href=""
          onClick={[Function]}
        >
          Previous
        </button>
      </li>
      <li
        className="page-item"
      >
        <button
          aria-label={undefined}
          className="page-link"
          href=""
          onClick={[Function]}
        >
          6
        </button>
      </li>
      <li
        className="page-item active"
      >
        <button
          aria-label={undefined}
          className="page-link"
          href=""
          onClick={[Function]}
        >
          7
        </button>
      </li>
      <li
        className="page-item"
      >
        <button
          aria-label={undefined}
          className="page-link"
          href=""
          onClick={[Function]}
        >
          8
        </button>
      </li>
      <li
        className="page-item"
      >
        <button
          aria-label={undefined}
          className="page-link"
          href=""
          onClick={[Function]}
        >
          9
        </button>
      </li>
      <li
        className="page-item"
      >
        <button
          aria-label={undefined}
          className="page-link"
          href=""
          onClick={[Function]}
        >
          Next
        </button>
      </li>
      <li
        className="page-item"
      >
        <button
          aria-label={undefined}
          className="page-link"
          href=""
          onClick={[Function]}
        >
          Last
        </button>
      </li>
    </ul>
  </nav>
  <nav
    aria-label="pagination"
    className=""
  >
    <ul
      className="pagination"
    >
      <li
        className="page-item"
      >
        <button
          aria-label={undefined}
          className="page-link"
          href=""
          onClick={[Function]}
        >
          First
        </button>
      </li>
      <li
        className="page-item"
      >
        <button
          aria-label={undefined}
          className="page-link"
          href=""
          onClick={[Function]}
        >
          Previous
        </button>
      </li>
      <li
        className="page-item"
      >
        <button
          aria-label={undefined}
          className="page-link"
          href=""
          onClick={[Function]}
        >
          7
        </button>
      </li>
      <li
        className="page-item active"
      >
        <button
          aria-label={undefined}
          className="page-link"
          href=""
          onClick={[Function]}
        >
          8
        </button>
      </li>
      <li
        className="page-item"
      >
        <button
          aria-label={undefined}
          className="page-link"
          href=""
          onClick={[Function]}
        >
          9
        </button>
      </li>
      <li
        className="page-item"
      >
        <button
          aria-label={undefined}
          className="page-link"
          href=""
          onClick={[Function]}
        >
          10
        </button>
      </li>
      <li
        className="page-item"
      >
        <button
          aria-label={undefined}
          className="page-link"
          href=""
          onClick={[Function]}
        >
          Next
        </button>
      </li>
      <li
        className="page-item"
      >
        <button
          aria-label={undefined}
          className="page-link"
          href=""
          onClick={[Function]}
        >
          Last
        </button>
      </li>
    </ul>
  </nav>
  <nav
    aria-label="pagination"
    className=""
  >
    <ul
      className="pagination"
    >
      <li
        className="page-item"
      >
        <button
          aria-label={undefined}
          className="page-link"
          href=""
          onClick={[Function]}
        >
          First
        </button>
      </li>
      <li
        className="page-item"
      >
        <button
          aria-label={undefined}
          className="page-link"
          href=""
          onClick={[Function]}
        >
          Previous
        </button>
      </li>
      <li
        className="page-item"
      >
        <button
          aria-label={undefined}
          className="page-link"
          href=""
          onClick={[Function]}
        >
          7
        </button>
      </li>
      <li
        className="page-item"
      >
        <button
          aria-label={undefined}
          className="page-link"
          href=""
          onClick={[Function]}
        >
          8
        </button>
      </li>
      <li
        className="page-item active"
      >
        <button
          aria-label={undefined}
          className="page-link"
          href=""
          onClick={[Function]}
        >
          9
        </button>
      </li>
      <li
        className="page-item"
      >
        <button
          aria-label={undefined}
          className="page-link"
          href=""
          onClick={[Function]}
        >
          10
        </button>
      </li>
      <li
        className="page-item"
      >
        <button
          aria-label={undefined}
          className="page-link"
          href=""
          onClick={[Function]}
        >
          Next
        </button>
      </li>
      <li
        className="page-item"
      >
        <button
          aria-label={undefined}
          className="page-link"
          href=""
          onClick={[Function]}
        >
          Last
        </button>
      </li>
    </ul>
  </nav>
  <nav
    aria-label="pagination"
    className=""
  >
    <ul
      className="pagination"
    >
      <li
        className="page-item"
      >
        <button
          aria-label={undefined}
          className="page-link"
          href=""
          onClick={[Function]}
        >
          First
        </button>
      </li>
      <li
        className="page-item"
      >
        <button
          aria-label={undefined}
          className="page-link"
          href=""
          onClick={[Function]}
        >
          Previous
        </button>
      </li>
      <li
        className="page-item"
      >
        <button
          aria-label={undefined}
          className="page-link"
          href=""
          onClick={[Function]}
        >
          7
        </button>
      </li>
      <li
        className="page-item"
      >
        <button
          aria-label={undefined}
          className="page-link"
          href=""
          onClick={[Function]}
        >
          8
        </button>
      </li>
      <li
        className="page-item"
      >
        <button
          aria-label={undefined}
          className="page-link"
          href=""
          onClick={[Function]}
        >
          9
        </button>
      </li>
      <li
        className="page-item active"
      >
        <button
          aria-label={undefined}
          className="page-link"
          href=""
          onClick={[Function]}
        >
          10
        </button>
      </li>
      <li
        className="page-item disabled"
      >
        <button
          aria-label={undefined}
          className="page-link"
          href=""
          onClick={[Function]}
        >
          Next
        </button>
      </li>
      <li
        className="page-item disabled"
      >
        <button
          aria-label={undefined}
          className="page-link"
          href=""
          onClick={[Function]}
        >
          Last
        </button>
      </li>
    </ul>
  </nav>
</div>
`;

exports[`PaginationControl renders correctly with odd max size 1`] = `
<div>
  <nav
    aria-label="pagination"
    className=""
  >
    <ul
      className="pagination"
    >
      <li
        className="page-item disabled"
      >
        <button
          aria-label={undefined}
          className="page-link"
          href=""
          onClick={[Function]}
        >
          First
        </button>
      </li>
      <li
        className="page-item disabled"
      >
        <button
          aria-label={undefined}
          className="page-link"
          href=""
          onClick={[Function]}
        >
          Previous
        </button>
      </li>
      <li
        className="page-item active"
      >
        <button
          aria-label={undefined}
          className="page-link"
          href=""
          onClick={[Function]}
        >
          1
        </button>
      </li>
      <li
        className="page-item"
      >
        <button
          aria-label={undefined}
          className="page-link"
          href=""
          onClick={[Function]}
        >
          2
        </button>
      </li>
      <li
        className="page-item"
      >
        <button
          aria-label={undefined}
          className="page-link"
          href=""
          onClick={[Function]}
        >
          3
        </button>
      </li>
      <li
        className="page-item"
      >
        <button
          aria-label={undefined}
          className="page-link"
          href=""
          onClick={[Function]}
        >
          4
        </button>
      </li>
      <li
        className="page-item"
      >
        <button
          aria-label={undefined}
          className="page-link"
          href=""
          onClick={[Function]}
        >
          5
        </button>
      </li>
      <li
        className="page-item"
      >
        <button
          aria-label={undefined}
          className="page-link"
          href=""
          onClick={[Function]}
        >
          Next
        </button>
      </li>
      <li
        className="page-item"
      >
        <button
          aria-label={undefined}
          className="page-link"
          href=""
          onClick={[Function]}
        >
          Last
        </button>
      </li>
    </ul>
  </nav>
  <nav
    aria-label="pagination"
    className=""
  >
    <ul
      className="pagination"
    >
      <li
        className="page-item"
      >
        <button
          aria-label={undefined}
          className="page-link"
          href=""
          onClick={[Function]}
        >
          First
        </button>
      </li>
      <li
        className="page-item"
      >
        <button
          aria-label={undefined}
          className="page-link"
          href=""
          onClick={[Function]}
        >
          Previous
        </button>
      </li>
      <li
        className="page-item"
      >
        <button
          aria-label={undefined}
          className="page-link"
          href=""
          onClick={[Function]}
        >
          1
        </button>
      </li>
      <li
        className="page-item active"
      >
        <button
          aria-label={undefined}
          className="page-link"
          href=""
          onClick={[Function]}
        >
          2
        </button>
      </li>
      <li
        className="page-item"
      >
        <button
          aria-label={undefined}
          className="page-link"
          href=""
          onClick={[Function]}
        >
          3
        </button>
      </li>
      <li
        className="page-item"
      >
        <button
          aria-label={undefined}
          className="page-link"
          href=""
          onClick={[Function]}
        >
          4
        </button>
      </li>
      <li
        className="page-item"
      >
        <button
          aria-label={undefined}
          className="page-link"
          href=""
          onClick={[Function]}
        >
          5
        </button>
      </li>
      <li
        className="page-item"
      >
        <button
          aria-label={undefined}
          className="page-link"
          href=""
          onClick={[Function]}
        >
          Next
        </button>
      </li>
      <li
        className="page-item"
      >
        <button
          aria-label={undefined}
          className="page-link"
          href=""
          onClick={[Function]}
        >
          Last
        </button>
      </li>
    </ul>
  </nav>
  <nav
    aria-label="pagination"
    className=""
  >
    <ul
      className="pagination"
    >
      <li
        className="page-item"
      >
        <button
          aria-label={undefined}
          className="page-link"
          href=""
          onClick={[Function]}
        >
          First
        </button>
      </li>
      <li
        className="page-item"
      >
        <button
          aria-label={undefined}
          className="page-link"
          href=""
          onClick={[Function]}
        >
          Previous
        </button>
      </li>
      <li
        className="page-item"
      >
        <button
          aria-label={undefined}
          className="page-link"
          href=""
          onClick={[Function]}
        >
          1
        </button>
      </li>
      <li
        className="page-item"
      >
        <button
          aria-label={undefined}
          className="page-link"
          href=""
          onClick={[Function]}
        >
          2
        </button>
      </li>
      <li
        className="page-item active"
      >
        <button
          aria-label={undefined}
          className="page-link"
          href=""
          onClick={[Function]}
        >
          3
        </button>
      </li>
      <li
        className="page-item"
      >
        <button
          aria-label={undefined}
          className="page-link"
          href=""
          onClick={[Function]}
        >
          4
        </button>
      </li>
      <li
        className="page-item"
      >
        <button
          aria-label={undefined}
          className="page-link"
          href=""
          onClick={[Function]}
        >
          5
        </button>
      </li>
      <li
        className="page-item"
      >
        <button
          aria-label={undefined}
          className="page-link"
          href=""
          onClick={[Function]}
        >
          Next
        </button>
      </li>
      <li
        className="page-item"
      >
        <button
          aria-label={undefined}
          className="page-link"
          href=""
          onClick={[Function]}
        >
          Last
        </button>
      </li>
    </ul>
  </nav>
  <nav
    aria-label="pagination"
    className=""
  >
    <ul
      className="pagination"
    >
      <li
        className="page-item"
      >
        <button
          aria-label={undefined}
          className="page-link"
          href=""
          onClick={[Function]}
        >
          First
        </button>
      </li>
      <li
        className="page-item"
      >
        <button
          aria-label={undefined}
          className="page-link"
          href=""
          onClick={[Function]}
        >
          Previous
        </button>
      </li>
      <li
        className="page-item"
      >
        <button
          aria-label={undefined}
          className="page-link"
          href=""
          onClick={[Function]}
        >
          2
        </button>
      </li>
      <li
        className="page-item"
      >
        <button
          aria-label={undefined}
          className="page-link"
          href=""
          onClick={[Function]}
        >
          3
        </button>
      </li>
      <li
        className="page-item active"
      >
        <button
          aria-label={undefined}
          className="page-link"
          href=""
          onClick={[Function]}
        >
          4
        </button>
      </li>
      <li
        className="page-item"
      >
        <button
          aria-label={undefined}
          className="page-link"
          href=""
          onClick={[Function]}
        >
          5
        </button>
      </li>
      <li
        className="page-item"
      >
        <button
          aria-label={undefined}
          className="page-link"
          href=""
          onClick={[Function]}
        >
          6
        </button>
      </li>
      <li
        className="page-item"
      >
        <button
          aria-label={undefined}
          className="page-link"
          href=""
          onClick={[Function]}
        >
          Next
        </button>
      </li>
      <li
        className="page-item"
      >
        <button
          aria-label={undefined}
          className="page-link"
          href=""
          onClick={[Function]}
        >
          Last
        </button>
      </li>
    </ul>
  </nav>
  <nav
    aria-label="pagination"
    className=""
  >
    <ul
      className="pagination"
    >
      <li
        className="page-item"
      >
        <button
          aria-label={undefined}
          className="page-link"
          href=""
          onClick={[Function]}
        >
          First
        </button>
      </li>
      <li
        className="page-item"
      >
        <button
          aria-label={undefined}
          className="page-link"
          href=""
          onClick={[Function]}
        >
          Previous
        </button>
      </li>
      <li
        className="page-item"
      >
        <button
          aria-label={undefined}
          className="page-link"
          href=""
          onClick={[Function]}
        >
          5
        </button>
      </li>
      <li
        className="page-item"
      >
        <button
          aria-label={undefined}
          className="page-link"
          href=""
          onClick={[Function]}
        >
          6
        </button>
      </li>
      <li
        className="page-item active"
      >
        <button
          aria-label={undefined}
          className="page-link"
          href=""
          onClick={[Function]}
        >
          7
        </button>
      </li>
      <li
        className="page-item"
      >
        <button
          aria-label={undefined}
          className="page-link"
          href=""
          onClick={[Function]}
        >
          8
        </button>
      </li>
      <li
        className="page-item"
      >
        <button
          aria-label={undefined}
          className="page-link"
          href=""
          onClick={[Function]}
        >
          9
        </button>
      </li>
      <li
        className="page-item"
      >
        <button
          aria-label={undefined}
          className="page-link"
          href=""
          onClick={[Function]}
        >
          Next
        </button>
      </li>
      <li
        className="page-item"
      >
        <button
          aria-label={undefined}
          className="page-link"
          href=""
          onClick={[Function]}
        >
          Last
        </button>
      </li>
    </ul>
  </nav>
  <nav
    aria-label="pagination"
    className=""
  >
    <ul
      className="pagination"
    >
      <li
        className="page-item"
      >
        <button
          aria-label={undefined}
          className="page-link"
          href=""
          onClick={[Function]}
        >
          First
        </button>
      </li>
      <li
        className="page-item"
      >
        <button
          aria-label={undefined}
          className="page-link"
          href=""
          onClick={[Function]}
        >
          Previous
        </button>
      </li>
      <li
        className="page-item"
      >
        <button
          aria-label={undefined}
          className="page-link"
          href=""
          onClick={[Function]}
        >
          6
        </button>
      </li>
      <li
        className="page-item"
      >
        <button
          aria-label={undefined}
          className="page-link"
          href=""
          onClick={[Function]}
        >
          7
        </button>
      </li>
      <li
        className="page-item active"
      >
        <button
          aria-label={undefined}
          className="page-link"
          href=""
          onClick={[Function]}
        >
          8
        </button>
      </li>
      <li
        className="page-item"
      >
        <button
          aria-label={undefined}
          className="page-link"
          href=""
          onClick={[Function]}
        >
          9
        </button>
      </li>
      <li
        className="page-item"
      >
        <button
          aria-label={undefined}
          className="page-link"
          href=""
          onClick={[Function]}
        >
          10
        </button>
      </li>
      <li
        className="page-item"
      >
        <button
          aria-label={undefined}
          className="page-link"
          href=""
          onClick={[Function]}
        >
          Next
        </button>
      </li>
      <li
        className="page-item"
      >
        <button
          aria-label={undefined}
          className="page-link"
          href=""
          onClick={[Function]}
        >
          Last
        </button>
      </li>
    </ul>
  </nav>
  <nav
    aria-label="pagination"
    className=""
  >
    <ul
      className="pagination"
    >
      <li
        className="page-item"
      >
        <button
          aria-label={undefined}
          className="page-link"
          href=""
          onClick={[Function]}
        >
          First
        </button>
      </li>
      <li
        className="page-item"
      >
        <button
          aria-label={undefined}
          className="page-link"
          href=""
          onClick={[Function]}
        >
          Previous
        </button>
      </li>
      <li
        className="page-item"
      >
        <button
          aria-label={undefined}
          className="page-link"
          href=""
          onClick={[Function]}
        >
          6
        </button>
      </li>
      <li
        className="page-item"
      >
        <button
          aria-label={undefined}
          className="page-link"
          href=""
          onClick={[Function]}
        >
          7
        </button>
      </li>
      <li
        className="page-item"
      >
        <button
          aria-label={undefined}
          className="page-link"
          href=""
          onClick={[Function]}
        >
          8
        </button>
      </li>
      <li
        className="page-item active"
      >
        <button
          aria-label={undefined}
          className="page-link"
          href=""
          onClick={[Function]}
        >
          9
        </button>
      </li>
      <li
        className="page-item"
      >
        <button
          aria-label={undefined}
          className="page-link"
          href=""
          onClick={[Function]}
        >
          10
        </button>
      </li>
      <li
        className="page-item"
      >
        <button
          aria-label={undefined}
          className="page-link"
          href=""
          onClick={[Function]}
        >
          Next
        </button>
      </li>
      <li
        className="page-item"
      >
        <button
          aria-label={undefined}
          className="page-link"
          href=""
          onClick={[Function]}
        >
          Last
        </button>
      </li>
    </ul>
  </nav>
  <nav
    aria-label="pagination"
    className=""
  >
    <ul
      className="pagination"
    >
      <li
        className="page-item"
      >
        <button
          aria-label={undefined}
          className="page-link"
          href=""
          onClick={[Function]}
        >
          First
        </button>
      </li>
      <li
        className="page-item"
      >
        <button
          aria-label={undefined}
          className="page-link"
          href=""
          onClick={[Function]}
        >
          Previous
        </button>
      </li>
      <li
        className="page-item"
      >
        <button
          aria-label={undefined}
          className="page-link"
          href=""
          onClick={[Function]}
        >
          6
        </button>
      </li>
      <li
        className="page-item"
      >
        <button
          aria-label={undefined}
          className="page-link"
          href=""
          onClick={[Function]}
        >
          7
        </button>
      </li>
      <li
        className="page-item"
      >
        <button
          aria-label={undefined}
          className="page-link"
          href=""
          onClick={[Function]}
        >
          8
        </button>
      </li>
      <li
        className="page-item"
      >
        <button
          aria-label={undefined}
          className="page-link"
          href=""
          onClick={[Function]}
        >
          9
        </button>
      </li>
      <li
        className="page-item active"
      >
        <button
          aria-label={undefined}
          className="page-link"
          href=""
          onClick={[Function]}
        >
          10
        </button>
      </li>
      <li
        className="page-item disabled"
      >
        <button
          aria-label={undefined}
          className="page-link"
          href=""
          onClick={[Function]}
        >
          Next
        </button>
      </li>
      <li
        className="page-item disabled"
      >
        <button
          aria-label={undefined}
          className="page-link"
          href=""
          onClick={[Function]}
        >
          Last
        </button>
      </li>
    </ul>
  </nav>
</div>
`;
